12:10:59 **** Incremental Build of configuration Debug for project cv02 ****
make -j4 all 
arm-none-eabi-gcc "../Src/main.c" -mcpu=cortex-m0 -std=gnu11 -g3 -DDEBUG -DSTM32F030x8 -DSTM32F030R8Tx -DSTM32 -DSTM32F0 -DNUCLEO_F030R8 -c -I../Inc -I"C:/MKSCV01/MKSCV01/cv02/CMSIS/Device/ST/STM32F0xx/Include" -I"C:/MKSCV01/MKSCV01/cv02/CMSIS/Include" -O0 -ffunction-sections -fdata-sections -Wall -fstack-usage -MMD -MP -MF"Src/main.d" -MT"Src/main.o" --specs=nano.specs -mfloat-abi=soft -mthumb -o "Src/main.o"
arm-none-eabi-gcc -o "cv02.elf" @"objects.list"   -mcpu=cortex-m0 -T"C:\MKSCV01\MKSCV01\cv02\STM32F030R8TX_FLASH.ld" --specs=nosys.specs -Wl,-Map="cv02.map" -Wl,--gc-sections -static --specs=nano.specs -mfloat-abi=soft -mthumb -Wl,--start-group -lc -lm -Wl,--end-group
Finished building target: cv02.elf
 
arm-none-eabi-size   cv02.elf 
arm-none-eabi-objdump -h -S  cv02.elf  > "cv02.list"
arm-none-eabi-objcopy  -O binary  cv02.elf  "cv02.bin"
   text	   data	    bss	    dec	    hex	filename
   1520	     12	   1596	   3128	    c38	cv02.elf
Finished building: default.size.stdout
 
Finished building: cv02.bin
Finished building: cv02.list
 
 

12:11:00 Build Finished. 0 errors, 0 warnings. (took 855ms)

